// Jest Snapshot v1, https://goo.gl/fbAQLP

exports[`ExpandedRow component matches snapshot 1`] = `
<dl
  className="pf-c-description-list pf-m-horizontal pf-m-compact expanded-row"
>
  <div
    className="pf-c-description-list__group"
    id="fd480a4c-952b-4675-ba02-3370bd08a5ee"
  >
    <dt
      className="pf-c-description-list__term"
    >
      <span
        className="pf-c-description-list__text"
      >
        Provider
      </span>
    </dt>
    <dd
      className="pf-c-description-list__description"
    >
      <div
        className="pf-c-description-list__text"
      >
        aws
      </div>
    </dd>
    <dt
      className="pf-c-description-list__term"
    >
      <span
        className="pf-c-description-list__text"
      >
        Instance type
      </span>
    </dt>
    <dd
      className="pf-c-description-list__description"
    >
      <div
        className="pf-c-description-list__text"
      >
        t2.micro
      </div>
    </dd>
    <dt
      className="pf-c-description-list__term"
    >
      <span
        className="pf-c-description-list__text"
      >
        Idling time
      </span>
    </dt>
    <dd
      className="pf-c-description-list__description"
    >
      <div
        className="pf-c-description-list__text"
      >
        1.03%
      </div>
    </dd>
  </div>
</dl>
`;
