// Jest Snapshot v1, https://goo.gl/fbAQLP

exports[`expect to render bar with danger-200 1`] = `
<div
  className="pf-c-progress pf-m-outside pf-m-singleline progress-score-bar danger-200"
  id="pf-1629108314310fln4gonif8c"
>
  <div
    aria-hidden="true"
    className="pf-c-progress__description"
    id="pf-1629108314310fln4gonif8c-description"
    onMouseEnter={null}
  >
    
  </div>
  <div
    aria-hidden="true"
    className="pf-c-progress__status"
  >
    <span
      className="pf-c-progress__measure"
    >
      1/5
    </span>
  </div>
  <div
    aria-valuemax={5}
    aria-valuemin={0}
    aria-valuenow={1}
    aria-valuetext="1/5"
    className="pf-c-progress__bar"
    role="progressbar"
  >
    <div
      className="pf-c-progress__indicator"
      style={
        Object {
          "width": "20%",
        }
      }
    >
      <span
        className="pf-c-progress__measure"
      />
    </div>
  </div>
</div>
`;
